this is day 1



fahim.ferdous@SPLDUIT335 MINGW64 ~
$ cd d:

fahim.ferdous@SPLDUIT335 MINGW64 /d
$ ls
'$MfeDeepRem'/        'Investment _web_application'/
'$RECYCLE.BIN'/       'New folder'/
'1. Ongoing'/          PUSTAADB/
'2. Development'/     'System Volume Information'/
'3. Github-Project'/  'Video Record'/
 DEVELOPMENT/          eticket/
'EQMS CDR'/

fahim.ferdous@SPLDUIT335 MINGW64 /d
$ cd ^C

fahim.ferdous@SPLDUIT335 MINGW64 /d
$ cd '3. Github-Project'

fahim.ferdous@SPLDUIT335 MINGW64 /d/3. Github-Project
$ ls -a
./  ../

fahim.ferdous@SPLDUIT335 MINGW64 /d/3. Github-Project
$ git init
Initialized empty Git repository in D:/3. Github-Project/.git/

fahim.ferdous@SPLDUIT335 MINGW64 /d/3. Github-Project (master)
$ ls -a
./  ../  .git/

fahim.ferdous@SPLDUIT335 MINGW64 /d/3. Github-Project (master)
$ touch day1.txt

fahim.ferdous@SPLDUIT335 MINGW64 /d/3. Github-Project (master)
$ open day1.txt

fahim.ferdous@SPLDUIT335 MINGW64 /d/3. Github-Project (master)
$ ls -a
./  ../  .git/  day1.txt


fahim.ferdous@SPLDUIT335 MINGW64 /d/3. Github-Project (master)
$ start notepad day1.txt

fahim.ferdous@SPLDUIT335 MINGW64 /d/3. Github-Project (master)
$ touch day2.txt

fahim.ferdous@SPLDUIT335 MINGW64 /d/3. Github-Project (master)
$  start notepad day2.txt

fahim.ferdous@SPLDUIT335 MINGW64 /d/3. Github-Project (master)
$ git status
On branch master

No commits yet

Untracked files:
  (use "git add <file>..." to include in what will be committed)
        day1.txt
        day2.txt

nothing added to commit but untracked files present (use "git add" to track)

fahim.ferdous@SPLDUIT335 MINGW64 /d/3. Github-Project (master)
$ git add .

fahim.ferdous@SPLDUIT335 MINGW64 /d/3. Github-Project (master)
$ git status
On branch master

No commits yet

Changes to be committed:
  (use "git rm --cached <file>..." to unstage)
        new file:   day1.txt
        new file:   day2.txt



fahim.ferdous@SPLDUIT335 MINGW64 /d/3. Github-Project (master)
$ git status
On branch master

No commits yet

Changes to be committed:
  (use "git rm --cached <file>..." to unstage)
        new file:   day1.txt
        new file:   day2.txt

Changes not staged for commit:
  (use "git add <file>..." to update what will be committed)
  (use "git restore <file>..." to discard changes in working directory)
        modified:   day2.txt


fahim.ferdous@SPLDUIT335 MINGW64 /d/3. Github-Project (master)
$ git restore day2.txt

fahim.ferdous@SPLDUIT335 MINGW64 /d/3. Github-Project (master)
$ git status
On branch master

No commits yet

Changes to be committed:
  (use "git rm --cached <file>..." to unstage)
        new file:   day1.txt
        new file:   day2.txt


fahim.ferdous@SPLDUIT335 MINGW64 /d/3. Github-Project (master)
$ git rm --cached day2.txt
rm 'day2.txt'

fahim.ferdous@SPLDUIT335 MINGW64 /d/3. Github-Project (master)
$ git status
On branch master

No commits yet

Changes to be committed:
  (use "git rm --cached <file>..." to unstage)
        new file:   day1.txt

Untracked files:
  (use "git add <file>..." to include in what will be committed)
        day2.txt



fahim.ferdous@SPLDUIT335 MINGW64 /d/3. Github-Project (master)
$ git diff
diff --git a/day1.txt b/day1.txt
index 9265b6d..e5866f0 100644
--- a/day1.txt
+++ b/day1.txt
