this is day 1



fahim.ferdous@SPLDUIT335 MINGW64 ~
$ cd d:

fahim.ferdous@SPLDUIT335 MINGW64 /d
$ ls
'$MfeDeepRem'/        'Investment _web_application'/
'$RECYCLE.BIN'/       'New folder'/
'1. Ongoing'/          PUSTAADB/
'2. Development'/     'System Volume Information'/
'3. Github-Project'/  'Video Record'/
 DEVELOPMENT/          eticket/
'EQMS CDR'/

fahim.ferdous@SPLDUIT335 MINGW64 /d
$ cd '3. Github-Project'

fahim.ferdous@SPLDUIT335 MINGW64 /d/3. Github-Project
$ ls -a
./  ../

fahim.ferdous@SPLDUIT335 MINGW64 /d/3. Github-Project
$ git init
Initialized empty Git repository in D:/3. Github-Project/.git/

fahim.ferdous@SPLDUIT335 MINGW64 /d/3. Github-Project (master)
$ ls -a
./  ../  .git/

fahim.ferdous@SPLDUIT335 MINGW64 /d/3. Github-Project (master)
$ touch day1.txt

fahim.ferdous@SPLDUIT335 MINGW64 /d/3. Github-Project (master)
$ ls -a
./  ../  .git/  day1.txt

fahim.ferdous@SPLDUIT335 MINGW64 /d/3. Github-Project (master)
$ start notepad day1.txt

fahim.ferdous@SPLDUIT335 MINGW64 /d/3. Github-Project (master)
$ git status
On branch master

No commits yet

Untracked files:
  (use "git add <file>..." to include in what will be committed)
        day1.txt

nothing added to commit but untracked files present (use "git add" to track)

fahim.ferdous@SPLDUIT335 MINGW64 /d/3. Github-Project (master)
$ git add .

fahim.ferdous@SPLDUIT335 MINGW64 /d/3. Github-Project (master)
$ git status
On branch master

No commits yet

Changes to be committed:
  (use "git rm --cached <file>..." to unstage)
        new file:   day1.txt


fahim.ferdous@SPLDUIT335 MINGW64 /d/3. Github-Project (master)
$ git restore day2.txt


fahim.ferdous@SPLDUIT335 MINGW64 /d/3. Github-Project (master)
$ git rm --cached day2.txt
rm 'day2.txt'


fahim.ferdous@SPLDUIT335 MINGW64 /d/3. Github-Project (master)
$ git diff
diff --git a/day1.txt b/day1.txt
index 9265b6d..e5866f0 100644
--- a/day1.txt
+++ b/day1.txt


fahim.ferdous@SPLDUIT335 MINGW64 /d/3. Github-Project (master)
$ git commit -m "Day 1 DATA"
[master (root-commit) 6c74f55] Day 1 DATA
 2 files changed, 143 insertions(+)
 create mode 100644 day1.txt
 create mode 100644 day2.txt

fahim.ferdous@SPLDUIT335 MINGW64 /d/3. Github-Project (master)
$ git log
commit 6c74f5549b002ffc765f397dbe63e6cfa4d70eb4 (HEAD -> master)
Author: fahim.ferdous <fahim.ferdous.335@gmail.com>
Date:   Sat Aug 26 12:03:25 2023 +0600

    Day 1 DATA


fahim.ferdous@SPLDUIT335 MINGW64 /d/3. Github-Project (master)
$ git reset --soft Head^
fatal: ambiguous argument 'Head^': unknown revision or path not in the working tree.
Use '--' to separate paths from revisions, like this:
'git <command> [<revision>...] -- [<file>...]'

fahim.ferdous@SPLDUIT335 MINGW64 /d/3. Github-Project (master)
$ git reset Head^
fatal: ambiguous argument 'Head^': unknown revision or path not in the working tree.
Use '--' to separate paths from revisions, like this:
'git <command> [<revision>...] -- [<file>...]'

fahim.ferdous@SPLDUIT335 MINGW64 /d/3. Github-Project (master)
$ git reset --hard Head^
fatal: ambiguous argument 'Head^': unknown revision or path not in the working tree.
Use '--' to separate paths from revisions, like this:
'git <command> [<revision>...] -- [<file>...]'


fahim.ferdous@SPLDUIT335 MINGW64 /d/3. Github-Project (master)
$ git log
commit 6c74f5549b002ffc765f397dbe63e6cfa4d70eb4 (HEAD -> master)
Author: fahim.ferdous <fahim.ferdous.335@gmail.com>
Date:   Sat Aug 26 12:03:25 2023 +0600

    Day 1 DATA
fahim.ferdous@SPLDUIT335 MINGW64 /d/3. Github-Project (master)
$ git add . && git commit -m "Day 1-3 DATA added"
[master 49cdc4a] Day 1-3 DATA added
 3 files changed, 203 insertions(+)
 create mode 100644 day3.txt
 create mode 100644 day4.txt

fahim.ferdous@SPLDUIT335 MINGW64 /d/3. Github-Project (master)
$ git log
commit e77ecb0070f06ad9d5ba6eab87860443d0704fbd (HEAD -> master)
Author: fahim.ferdous <fahim.ferdous.335@gmail.com>
Date:   Sat Aug 26 12:33:29 2023 +0600

    Final DATA added

commit 49cdc4a4b6fd735543d2f1399e9e3d3927ec935f
Author: fahim.ferdous <fahim.ferdous.335@gmail.com>
Date:   Sat Aug 26 12:27:09 2023 +0600

    Day 1-3 DATA added

commit 6c74f5549b002ffc765f397dbe63e6cfa4d70eb4
Author: fahim.ferdous <fahim.ferdous.335@gmail.com>
Date:   Sat Aug 26 12:03:25 2023 +0600

    Day 1 DATA


fahim.ferdous@SPLDUIT335 MINGW64 /d/3. Github-Project (master)
$ git log --oneline
e77ecb0 (HEAD -> master) Final DATA added
49cdc4a Day 1-3 DATA added
6c74f55 Day 1 DATA


fahim.ferdous@SPLDUIT335 MINGW64 /d/3. Github-Project (master)
$ git checkout 49cdc4a
Note: switching to '49cdc4a'.

You are in 'detached HEAD' state. You can look around, make experimental
changes and commit them, and you can discard any commits you make in this
state without impacting any branches by switching back to a branch.

If you want to create a new branch to retain commits you create, you may
do so (now or later) by using -c with the switch command. Example:

  git switch -c <new-branch-name>

Or undo this operation with:

  git switch -

Turn off this advice by setting config variable advice.detachedHead to false

HEAD is now at 49cdc4a Day 1-3 DATA added

fahim.ferdous@SPLDUIT335 MINGW64 /d/3. Github-Project ((49cdc4a...))
$ git checkout master
Previous HEAD position was 49cdc4a Day 1-3 DATA added
Switched to branch 'master'


fahim.ferdous@SPLDUIT335 MINGW64 /d/3. Github-Project (master)
$ touch .gigignore

fahim.ferdous@SPLDUIT335 MINGW64 /d/3. Github-Project (master)
$ ls -a
./  ../  .gigignore  .git/  day1.txt  day2.txt  day3.txt  day4.txt  final.txt


fahim.ferdous@SPLDUIT335 MINGW64 /d/3. Github-Project (master)
$  start notepad .gigignore

